[www.tutorialesprogramacionya.com/angularya/index.html]
[backblue.gif]
[fade.gif]
[index.html]
[www.google-analytics.com/analytics.js]
[pagead2.googlesyndication.com/pagead/js/f.txt]
[www.tutorialesprogramacionya.com/angularya/detalleconcepto0ec9.html]
[www.tutorialesprogramacionya.com/angularya/detalleconcepto3ad5.html]
[www.tutorialesprogramacionya.com/angularya/detalleconcepto2ac2.html]
[www.tutorialesprogramacionya.com/angularya/detalleconceptobb8b.html]
[www.tutorialesprogramacionya.com/angularya/detalleconcepto928a.html]
[www.tutorialesprogramacionya.com/angularya/detalleconcepto8da3.html]
[www.tutorialesprogramacionya.com/angularya/detalleconcepto28e5.html]
[www.tutorialesprogramacionya.com/angularya/detalleconcepto2637.html]
[www.tutorialesprogramacionya.com/angularya/detalleconcepto9c17.html]
[www.tutorialesprogramacionya.com/angularya/detalleconcepto8b10.html]
[www.tutorialesprogramacionya.com/angularya/detalleconcepto476b.html]
[www.tutorialesprogramacionya.com/angularya/detalleconcepto0c30.html]
[www.tutorialesprogramacionya.com/angularya/detalleconcepto2cf8.html]
[www.tutorialesprogramacionya.com/angularya/detalleconceptobbdb.html]
[www.tutorialesprogramacionya.com/angularya/detalleconcepto07ca.html]
[www.tutorialesprogramacionya.com/angularya/detalleconcepto39ca.html]
[www.tutorialesprogramacionya.com/angularya/detalleconcepto0e98.html]
[www.tutorialesprogramacionya.com/angularya/detalleconceptoc721.html]
[www.tutorialesprogramacionya.com/angularya/detalleconceptod9b8.html]
[www.tutorialesprogramacionya.com/angularya/detalleconceptodedb.html]
[www.tutorialesprogramacionya.com/angularya/index28fa.html]
[www.tutorialesprogramacionya.com/angularya/index1e61.html]
[www.tutorialesprogramacionya.com/angularya/indexd6cc.html]
[www.tutorialesprogramacionya.com/angularya/index.html]
[www.tutorialesprogramacionya.com/css/bootstrap.min.css]
[www.tutorialesprogramacionya.com/angularya/estilos.css]
[www.tutorialesprogramacionya.com/angularya/index20ff.html]
[www.tutorialesprogramacionya.com/angularya/imagentema/foto001.jpg]
[www.tutorialesprogramacionya.com/angularya/imagentema/foto001c.jpg]
[www.tutorialesprogramacionya.com/angularya/imagentema/foto002.jpg]
[www.tutorialesprogramacionya.com/angularya/imagentema/foto003.jpg]
[www.tutorialesprogramacionya.com/angularya/detalleconcepto0ec9.html]
[www.tutorialesprogramacionya.com/angularya/index2904.html]
[www.tutorialesprogramacionya.com/angularya/imagentema/foto004.jpg]
[www.tutorialesprogramacionya.com/angularya/imagentema/foto005.jpg]
[www.tutorialesprogramacionya.com/angularya/imagentema/foto006.jpg]
[www.tutorialesprogramacionya.com/angularya/imagentema/foto007.jpg]
[www.tutorialesprogramacionya.com/angularya/imagentema/foto008b.jpg]
[www.tutorialesprogramacionya.com/angularya/imagentema/foto008.jpg]
[www.tutorialesprogramacionya.com/angularya/detalleconcepto3ad5.html]
[www.tutorialesprogramacionya.com/angularya/imagentema/foto009.jpg]
[www.tutorialesprogramacionya.com/angularya/imagentema/foto010.jpg]
[www.tutorialesprogramacionya.com/angularya/imagentema/foto011.jpg]
[www.tutorialesprogramacionya.com/angularya/imagentema/foto012.jpg]
[www.tutorialesprogramacionya.com/angularya/imagentema/foto013.jpg]
[www.tutorialesprogramacionya.com/angularya/imagentema/foto014.jpg]
[www.tutorialesprogramacionya.com/angularya/detalleconcepto2ac2.html]
[www.tutorialesprogramacionya.com/angularya/imagentema/foto015.jpg]
[www.tutorialesprogramacionya.com/angularya/detalleconceptobb8b.html]
[www.tutorialesprogramacionya.com/angularya/imagentema/foto016.jpg]
[www.tutorialesprogramacionya.com/angularya/detalleconcepto928a.html]
[www.tutorialesprogramacionya.com/angularya/imagentema/foto017.jpg]
[www.tutorialesprogramacionya.com/angularya/detalleconcepto8da3.html]
[www.tutorialesprogramacionya.com/angularya/imagentema/foto018.jpg]
[www.tutorialesprogramacionya.com/angularya/imagentema/foto019.jpg]
[www.tutorialesprogramacionya.com/angularya/imagentema/foto021.jpg]
[www.tutorialesprogramacionya.com/angularya/imagentema/foto020.jpg]
[www.tutorialesprogramacionya.com/angularya/imagentema/foto022.jpg]
[www.tutorialesprogramacionya.com/angularya/detalleconcepto28e5.html]
[www.tutorialesprogramacionya.com/angularya/imagentema/foto023.jpg]
[www.tutorialesprogramacionya.com/angularya/imagentema/foto024.jpg]
[www.tutorialesprogramacionya.com/angularya/imagentema/foto025.jpg]
[www.tutorialesprogramacionya.com/angularya/detalleconcepto2637.html]
[www.tutorialesprogramacionya.com/angularya/imagentema/foto026.jpg]
[www.tutorialesprogramacionya.com/angularya/detalleconcepto9c17.html]
[www.tutorialesprogramacionya.com/angularya/imagentema/foto027.jpg]
[www.tutorialesprogramacionya.com/angularya/detalleconcepto8b10.html]
[www.tutorialesprogramacionya.com/angularya/imagentema/foto028.jpg]
[www.tutorialesprogramacionya.com/angularya/imagentema/foto029.jpg]
[www.tutorialesprogramacionya.com/angularya/detalleconcepto476b.html]
[www.tutorialesprogramacionya.com/angularya/imagentema/foto030.jpg]
[www.tutorialesprogramacionya.com/angularya/detalleconcepto0c30.html]
[www.tutorialesprogramacionya.com/angularya/imagentema/foto031.jpg]
[www.tutorialesprogramacionya.com/angularya/detalleconcepto2cf8.html]
[www.tutorialesprogramacionya.com/angularya/imagentema/foto035.jpg]
[www.tutorialesprogramacionya.com/angularya/imagentema/foto032.jpg]
[www.tutorialesprogramacionya.com/angularya/imagentema/foto033.jpg]
[www.tutorialesprogramacionya.com/angularya/imagentema/foto034.jpg]
[www.tutorialesprogramacionya.com/angularya/detalleconceptobbdb.html]
[www.tutorialesprogramacionya.com/angularya/imagentema/foto036.jpg]
[www.tutorialesprogramacionya.com/angularya/imagentema/foto034b.jpg]
[www.tutorialesprogramacionya.com/angularya/detalleconcepto07ca.html]
[www.tutorialesprogramacionya.com/angularya/imagentema/foto037b.jpg]
[www.tutorialesprogramacionya.com/angularya/imagentema/foto037.jpg]
[www.tutorialesprogramacionya.com/angularya/imagentema/foto038.jpg]
[www.tutorialesprogramacionya.com/angularya/imagentema/foto039.jpg]
[www.tutorialesprogramacionya.com/angularya/detalleconcepto39ca.html]
[www.tutorialesprogramacionya.com/angularya/imagentema/foto040.jpg]
[www.tutorialesprogramacionya.com/angularya/detalleconcepto0e98.html]
[www.tutorialesprogramacionya.com/angularya/detalleconceptoc721.html]
[www.tutorialesprogramacionya.com/angularya/imagentema/foto042.jpg]
[www.tutorialesprogramacionya.com/angularya/detalleconceptod9b8.html]
[www.tutorialesprogramacionya.com/angularya/imagentema/foto043.jpg]
[www.tutorialesprogramacionya.com/angularya/detalleconceptodedb.html]
[www.tutorialesprogramacionya.com/angularya/detalleconcepto22c2.html]
[www.tutorialesprogramacionya.com/angularya/detalleconcepto9aaa.html]
[www.tutorialesprogramacionya.com/angularya/detalleconceptoc48b.html]
[www.tutorialesprogramacionya.com/angularya/detalleconcepto305f.html]
[www.tutorialesprogramacionya.com/angularya/detalleconcepto6ca2.html]
[www.tutorialesprogramacionya.com/angularya/detalleconcepto1a63.html]
[www.tutorialesprogramacionya.com/angularya/detalleconceptoda25.html]
[www.tutorialesprogramacionya.com/angularya/detalleconceptoe9c4.html]
[www.tutorialesprogramacionya.com/angularya/detalleconcepto164e.html]
[www.tutorialesprogramacionya.com/angularya/detalleconceptobbe4.html]
[www.tutorialesprogramacionya.com/angularya/detalleconcepto73e1.html]
[www.tutorialesprogramacionya.com/angularya/detalleconceptoffcc.html]
[www.tutorialesprogramacionya.com/angularya/detalleconcepto34ad.html]
[www.tutorialesprogramacionya.com/angularya/detalleconceptoba05.html]
[www.tutorialesprogramacionya.com/angularya/detalleconcepto380c.html]
[www.tutorialesprogramacionya.com/angularya/detalleconceptoc240.html]
[www.tutorialesprogramacionya.com/angularya/detalleconceptocea4.html]
[www.tutorialesprogramacionya.com/angularya/detalleconcepto3857.html]
[www.tutorialesprogramacionya.com/angularya/detalleconcepto6d74.html]
[www.tutorialesprogramacionya.com/angularya/index28fa.html]
[www.tutorialesprogramacionya.com/angularya/detalleconcepto4234.html]
[www.tutorialesprogramacionya.com/angularya/detalleconcepto3404.html]
[www.tutorialesprogramacionya.com/angularya/detalleconcepto56e1.html]
[www.tutorialesprogramacionya.com/angularya/detalleconcepto784c.html]
[www.tutorialesprogramacionya.com/angularya/detalleconcepto1b45.html]
[www.tutorialesprogramacionya.com/angularya/detalleconceptoa293.html]
[www.tutorialesprogramacionya.com/angularya/detalleconceptoddf5.html]
[www.tutorialesprogramacionya.com/angularya/detalleconcepto7053.html]
[www.tutorialesprogramacionya.com/angularya/detalleconcepto8493.html]
[www.tutorialesprogramacionya.com/angularya/detalleconceptod815.html]
[www.tutorialesprogramacionya.com/angularya/detalleconcepto2b28.html]
[www.tutorialesprogramacionya.com/angularya/detalleconceptofc6e.html]
[www.tutorialesprogramacionya.com/angularya/detalleconceptoc63f.html]
[www.tutorialesprogramacionya.com/angularya/detalleconcepto0ec4.html]
[www.tutorialesprogramacionya.com/angularya/detalleconcepto6468.html]
[www.tutorialesprogramacionya.com/angularya/detalleconcepto7758.html]
[www.tutorialesprogramacionya.com/angularya/detalleconcepto9abf.html]
[www.tutorialesprogramacionya.com/angularya/detalleconcepto9f58.html]
[www.tutorialesprogramacionya.com/angularya/detalleconcepto5a88.html]
[www.tutorialesprogramacionya.com/angularya/detalleconceptoc530.html]
[www.tutorialesprogramacionya.com/angularya/index1e61.html]
[www.tutorialesprogramacionya.com/angularya/detalleconceptob787.html]
[www.tutorialesprogramacionya.com/angularya/detalleconceptob084.html]
[www.tutorialesprogramacionya.com/angularya/detalleconceptoe288.html]
[www.tutorialesprogramacionya.com/angularya/detalleconceptodc81.html]
[www.tutorialesprogramacionya.com/angularya/detalleconceptoa9f9.html]
[www.tutorialesprogramacionya.com/angularya/detalleconcepto10f0.html]
[www.tutorialesprogramacionya.com/angularya/detalleconcepto22b8.html]
[www.tutorialesprogramacionya.com/angularya/detalleconcepto8910.html]
[www.tutorialesprogramacionya.com/angularya/detalleconcepto02e7.html]
[www.tutorialesprogramacionya.com/angularya/detalleconcepto6a7b.html]
[www.tutorialesprogramacionya.com/angularya/detalleconcepto4918.html]
[www.tutorialesprogramacionya.com/angularya/detalleconcepto8aa2.html]
[www.tutorialesprogramacionya.com/angularya/detalleconceptoe661.html]
[www.tutorialesprogramacionya.com/angularya/detalleconcepto0f1b.html]
[www.tutorialesprogramacionya.com/angularya/detalleconceptoe117.html]
[www.tutorialesprogramacionya.com/angularya/detalleconcepto3e41.html]
[www.tutorialesprogramacionya.com/angularya/detalleconceptoc9d8.html]
[www.tutorialesprogramacionya.com/angularya/detalleconceptoee5d.html]
[www.tutorialesprogramacionya.com/angularya/detalleconceptofb8d.html]
[www.tutorialesprogramacionya.com/angularya/detalleconcepto714e.html]
[www.tutorialesprogramacionya.com/angularya/indexd6cc.html]
[www.tutorialesprogramacionya.com/angularya/detalleconceptoac4e.html]
[www.tutorialesprogramacionya.com/angularya/detalleconceptofeeb.html]
[www.tutorialesprogramacionya.com/angularya/detalleconceptob0d9.html]
[www.tutorialesprogramacionya.com/angularya/detalleconceptoa92c.html]
[www.tutorialesprogramacionya.com/angularya/detalleconceptod21d.html]
[www.tutorialesprogramacionya.com/angularya/detalleconcepto0df4.html]
[www.tutorialesprogramacionya.com/angularya/detalleconceptodcff.html]
[www.tutorialesprogramacionya.com/angularya/detalleconceptoab1f.html]
[www.tutorialesprogramacionya.com/angularya/detalleconcepto52e0.html]
[www.tutorialesprogramacionya.com/angularya/detalleconceptoc75f.html]
[www.tutorialesprogramacionya.com/angularya/detalleconcepto14d9.html]
[www.tutorialesprogramacionya.com/angularya/detalleconcepto0b47.html]
[www.tutorialesprogramacionya.com/angularya/detalleconceptob84b.html]
[www.tutorialesprogramacionya.com/angularya/index20ff.html]
[www.tutorialesprogramacionya.com/angularya/index2904.html]
[www.tutorialesprogramacionya.com/angularya/detalleconcepto22c2.html]
[www.tutorialesprogramacionya.com/angularya/detalleconcepto6fb0.html]
[www.tutorialesprogramacionya.com/angularya/imagentema/foto044.jpg]
[www.tutorialesprogramacionya.com/angularya/detalleconcepto9aaa.html]
[www.tutorialesprogramacionya.com/angularya/imagentema/foto045.jpg]
[www.tutorialesprogramacionya.com/angularya/detalleconceptoc48b.html]
[www.tutorialesprogramacionya.com/angularya/detalleconcepto305f.html]
[www.tutorialesprogramacionya.com/angularya/imagentema/foto046.jpg]
[www.tutorialesprogramacionya.com/angularya/detalleconcepto6ca2.html]
[www.tutorialesprogramacionya.com/angularya/detalleconcepto1a63.html]
[www.tutorialesprogramacionya.com/angularya/detalleconceptoda25.html]
[www.tutorialesprogramacionya.com/angularya/imagentema/foto047.jpg]
[www.tutorialesprogramacionya.com/angularya/imagentema/foto048.jpg]
[www.tutorialesprogramacionya.com/angularya/imagentema/foto049.jpg]
[www.tutorialesprogramacionya.com/angularya/imagentema/foto050.jpg]
[www.tutorialesprogramacionya.com/angularya/detalleconceptoe9c4.html]
[www.tutorialesprogramacionya.com/angularya/imagentema/foto051.jpg]
[www.tutorialesprogramacionya.com/angularya/detalleconcepto164e.html]
[www.tutorialesprogramacionya.com/angularya/imagentema/foto052.jpg]
[www.tutorialesprogramacionya.com/angularya/imagentema/foto053.jpg]
[www.tutorialesprogramacionya.com/angularya/detalleconceptobbe4.html]
[www.tutorialesprogramacionya.com/angularya/imagentema/foto054.jpg]
[www.tutorialesprogramacionya.com/angularya/imagentema/foto055.jpg]
[www.tutorialesprogramacionya.com/angularya/imagentema/foto056.jpg]
[www.tutorialesprogramacionya.com/angularya/imagentema/foto057.jpg]
[www.tutorialesprogramacionya.com/angularya/imagentema/foto058.jpg]
[www.tutorialesprogramacionya.com/angularya/imagentema/foto059.jpg]
[www.tutorialesprogramacionya.com/angularya/detalleconcepto73e1.html]
[www.tutorialesprogramacionya.com/angularya/imagentema/foto060.jpg]
[www.tutorialesprogramacionya.com/angularya/imagentema/foto061.jpg]
[www.tutorialesprogramacionya.com/angularya/imagentema/foto062.jpg]
[www.tutorialesprogramacionya.com/angularya/imagentema/foto063.jpg]
[www.tutorialesprogramacionya.com/angularya/detalleconceptoffcc.html]
[www.tutorialesprogramacionya.com/angularya/imagentema/foto065.jpg]
[www.tutorialesprogramacionya.com/angularya/imagentema/foto064.jpg]
[www.tutorialesprogramacionya.com/angularya/detalleconcepto34ad.html]
[www.tutorialesprogramacionya.com/angularya/imagentema/foto066.jpg]
[www.tutorialesprogramacionya.com/angularya/imagentema/foto067.jpg]
[www.tutorialesprogramacionya.com/angularya/imagentema/foto069.jpg]
[www.tutorialesprogramacionya.com/angularya/imagentema/foto068.jpg]
[www.tutorialesprogramacionya.com/angularya/imagentema/foto070.jpg]
[www.tutorialesprogramacionya.com/angularya/detalleconceptoba05.html]
[www.tutorialesprogramacionya.com/angularya/imagentema/foto071.jpg]
[www.tutorialesprogramacionya.com/angularya/imagentema/foto072.jpg]
[www.tutorialesprogramacionya.com/angularya/imagentema/foto073.jpg]
[www.tutorialesprogramacionya.com/angularya/imagentema/foto074.jpg]
[www.tutorialesprogramacionya.com/angularya/imagentema/foto075.jpg]
[www.tutorialesprogramacionya.com/angularya/detalleconcepto380c.html]
[www.tutorialesprogramacionya.com/angularya/imagentema/foto076.jpg]
[www.tutorialesprogramacionya.com/angularya/imagentema/foto077.jpg]
[www.tutorialesprogramacionya.com/angularya/detalleconceptoc240.html]
[www.tutorialesprogramacionya.com/angularya/imagentema/foto078.jpg]
[www.tutorialesprogramacionya.com/angularya/imagentema/foto079.jpg]
[www.tutorialesprogramacionya.com/angularya/imagentema/foto080.jpg]
[www.tutorialesprogramacionya.com/angularya/imagentema/foto081.jpg]
[www.tutorialesprogramacionya.com/angularya/imagentema/foto082.jpg]
[www.tutorialesprogramacionya.com/angularya/imagentema/foto083.jpg]
[www.tutorialesprogramacionya.com/angularya/detalleconceptocea4.html]
[www.tutorialesprogramacionya.com/angularya/imagentema/foto084.jpg]
[www.tutorialesprogramacionya.com/angularya/detalleconcepto3857.html]
[www.tutorialesprogramacionya.com/angularya/imagentema/foto085.jpg]
[www.tutorialesprogramacionya.com/angularya/detalleconcepto6d74.html]
[www.tutorialesprogramacionya.com/angularya/imagentema/foto086.jpg]
[www.tutorialesprogramacionya.com/angularya/detalleconcepto4234.html]
[www.tutorialesprogramacionya.com/angularya/imagentema/foto087.jpg]
[www.tutorialesprogramacionya.com/angularya/detalleconcepto3404.html]
[www.tutorialesprogramacionya.com/angularya/imagentema/foto088.jpg]
[www.tutorialesprogramacionya.com/angularya/detalleconcepto56e1.html]
[www.tutorialesprogramacionya.com/angularya/imagentema/foto089.jpg]
[www.tutorialesprogramacionya.com/angularya/detalleconcepto784c.html]
[www.tutorialesprogramacionya.com/angularya/imagentema/foto091.jpg]
[www.tutorialesprogramacionya.com/angularya/imagentema/foto092.jpg]
[www.tutorialesprogramacionya.com/angularya/imagentema/foto090.jpg]
[www.tutorialesprogramacionya.com/angularya/detalleconcepto1b45.html]
[www.tutorialesprogramacionya.com/angularya/imagentema/foto093.jpg]
[www.tutorialesprogramacionya.com/angularya/detalleconceptoa293.html]
[www.tutorialesprogramacionya.com/angularya/imagentema/foto094.jpg]
[www.tutorialesprogramacionya.com/angularya/detalleconceptoddf5.html]
[www.tutorialesprogramacionya.com/angularya/imagentema/foto095.jpg]
[www.tutorialesprogramacionya.com/angularya/detalleconcepto7053.html]
[www.tutorialesprogramacionya.com/angularya/imagentema/foto096.jpg]
[www.tutorialesprogramacionya.com/angularya/detalleconcepto8493.html]
[www.tutorialesprogramacionya.com/angularya/imagentema/foto097.jpg]
[www.tutorialesprogramacionya.com/angularya/detalleconceptod815.html]
[www.tutorialesprogramacionya.com/angularya/imagentema/foto098.jpg]
[www.tutorialesprogramacionya.com/angularya/imagentema/foto099.jpg]
[www.tutorialesprogramacionya.com/angularya/imagentema/foto100.jpg]
[www.tutorialesprogramacionya.com/angularya/detalleconcepto2b28.html]
[www.tutorialesprogramacionya.com/angularya/imagentema/foto101.jpg]
[www.tutorialesprogramacionya.com/angularya/detalleconceptofc6e.html]
[www.tutorialesprogramacionya.com/angularya/imagentema/foto102.jpg]
[www.tutorialesprogramacionya.com/angularya/detalleconceptoc63f.html]
[www.tutorialesprogramacionya.com/angularya/imagentema/foto103.jpg]
[www.tutorialesprogramacionya.com/angularya/detalleconcepto0ec4.html]
[www.tutorialesprogramacionya.com/angularya/imagentema/foto104.jpg]
[www.tutorialesprogramacionya.com/angularya/detalleconcepto6468.html]
[www.tutorialesprogramacionya.com/angularya/detalleconcepto7758.html]
[www.tutorialesprogramacionya.com/angularya/imagentema/foto105.jpg]
[www.tutorialesprogramacionya.com/angularya/detalleconcepto9abf.html]
[www.tutorialesprogramacionya.com/angularya/imagentema/foto106.jpg]
[www.tutorialesprogramacionya.com/angularya/imagentema/foto107.jpg]
[www.tutorialesprogramacionya.com/angularya/imagentema/foto108.jpg]
[www.tutorialesprogramacionya.com/angularya/detalleconcepto9f58.html]
[www.tutorialesprogramacionya.com/angularya/imagentema/foto109.jpg]
[www.tutorialesprogramacionya.com/angularya/detalleconcepto5a88.html]
[www.tutorialesprogramacionya.com/angularya/imagentema/foto110.jpg]
[www.tutorialesprogramacionya.com/angularya/detalleconceptoc530.html]
[www.tutorialesprogramacionya.com/angularya/imagentema/foto111.jpg]
[www.tutorialesprogramacionya.com/angularya/imagentema/foto112.jpg]
[www.tutorialesprogramacionya.com/angularya/imagentema/foto113.jpg]
[www.tutorialesprogramacionya.com/angularya/imagentema/foto114.jpg]
[www.tutorialesprogramacionya.com/angularya/detalleconceptob787.html]
[www.tutorialesprogramacionya.com/angularya/imagentema/foto115.jpg]
[www.tutorialesprogramacionya.com/angularya/detalleconceptob084.html]
[www.tutorialesprogramacionya.com/angularya/imagentema/foto118.jpg]
[www.tutorialesprogramacionya.com/angularya/detalleconceptoe288.html]
[www.tutorialesprogramacionya.com/angularya/imagentema/foto119.jpg]
[www.tutorialesprogramacionya.com/angularya/detalleconceptodc81.html]
[www.tutorialesprogramacionya.com/angularya/imagentema/foto120.jpg]
[www.tutorialesprogramacionya.com/angularya/detalleconceptoa9f9.html]
[www.tutorialesprogramacionya.com/angularya/imagentema/foto121.jpg]
[www.tutorialesprogramacionya.com/angularya/imagentema/foto122.jpg]
[www.tutorialesprogramacionya.com/angularya/detalleconcepto10f0.html]
[www.tutorialesprogramacionya.com/angularya/imagentema/foto123.jpg]
[www.tutorialesprogramacionya.com/angularya/detalleconcepto22b8.html]
[www.tutorialesprogramacionya.com/angularya/imagentema/foto124.jpg]
[www.tutorialesprogramacionya.com/angularya/detalleconcepto8910.html]
[www.tutorialesprogramacionya.com/angularya/imagentema/foto125.jpg]
[www.tutorialesprogramacionya.com/angularya/detalleconcepto02e7.html]
[www.tutorialesprogramacionya.com/angularya/imagentema/foto126.jpg]
[www.tutorialesprogramacionya.com/angularya/detalleconcepto6a7b.html]
[www.tutorialesprogramacionya.com/angularya/imagentema/foto127.jpg]
[www.tutorialesprogramacionya.com/angularya/detalleconcepto4918.html]
[www.tutorialesprogramacionya.com/angularya/imagentema/foto128.jpg]
[www.tutorialesprogramacionya.com/angularya/detalleconcepto8aa2.html]
[www.tutorialesprogramacionya.com/angularya/detalleconceptoe661.html]
[www.tutorialesprogramacionya.com/angularya/imagentema/foto130.jpg]
[www.tutorialesprogramacionya.com/angularya/detalleconcepto0f1b.html]
[www.tutorialesprogramacionya.com/angularya/detalleconceptoe117.html]
[www.tutorialesprogramacionya.com/angularya/detalleconcepto3e41.html]
[www.tutorialesprogramacionya.com/angularya/imagentema/foto131.jpg]
[www.tutorialesprogramacionya.com/angularya/imagentema/foto132.jpg]
[www.tutorialesprogramacionya.com/angularya/detalleconceptoc9d8.html]
[www.tutorialesprogramacionya.com/angularya/imagentema/foto133.jpg]
[www.tutorialesprogramacionya.com/angularya/detalleconceptoee5d.html]
[www.tutorialesprogramacionya.com/angularya/imagentema/foto134.jpg]
[www.tutorialesprogramacionya.com/angularya/imagentema/foto135.jpg]
[www.tutorialesprogramacionya.com/angularya/detalleconceptofb8d.html]
[www.tutorialesprogramacionya.com/angularya/imagentema/foto136.jpg]
[www.tutorialesprogramacionya.com/angularya/detalleconcepto714e.html]
[www.tutorialesprogramacionya.com/angularya/detalleconceptoac4e.html]
[www.tutorialesprogramacionya.com/angularya/imagentema/foto137.jpg]
[www.tutorialesprogramacionya.com/angularya/imagentema/foto138.jpg]
[www.tutorialesprogramacionya.com/angularya/detalleconceptofeeb.html]
[www.tutorialesprogramacionya.com/angularya/imagentema/foto140.jpg]
[www.tutorialesprogramacionya.com/angularya/imagentema/foto139.jpg]
[www.tutorialesprogramacionya.com/angularya/detalleconceptob0d9.html]
[www.tutorialesprogramacionya.com/angularya/imagentema/foto141.jpg]
[www.tutorialesprogramacionya.com/angularya/imagentema/foto142.jpg]
[www.tutorialesprogramacionya.com/angularya/detalleconceptoa92c.html]
[www.tutorialesprogramacionya.com/angularya/imagentema/foto143.jpg]
[www.tutorialesprogramacionya.com/angularya/imagentema/foto144.jpg]
[www.tutorialesprogramacionya.com/angularya/imagentema/foto145.jpg]
[www.tutorialesprogramacionya.com/angularya/imagentema/foto146.jpg]
[www.tutorialesprogramacionya.com/angularya/detalleconceptod21d.html]
[www.tutorialesprogramacionya.com/angularya/imagentema/foto147.jpg]
[www.tutorialesprogramacionya.com/angularya/imagentema/foto148.jpg]
[www.tutorialesprogramacionya.com/angularya/detalleconcepto0df4.html]
[www.tutorialesprogramacionya.com/angularya/detalleconceptodcff.html]
[www.tutorialesprogramacionya.com/angularya/imagentema/foto149.jpg]
[www.tutorialesprogramacionya.com/angularya/detalleconceptoab1f.html]
[www.tutorialesprogramacionya.com/angularya/imagentema/foto150.jpg]
[www.tutorialesprogramacionya.com/angularya/detalleconcepto52e0.html]
[www.tutorialesprogramacionya.com/angularya/imagentema/foto151.jpg]
[www.tutorialesprogramacionya.com/angularya/detalleconceptoc75f.html]
[www.tutorialesprogramacionya.com/angularya/imagentema/foto152.jpg]
[www.tutorialesprogramacionya.com/angularya/detalleconcepto14d9.html]
[www.tutorialesprogramacionya.com/angularya/imagentema/foto153.jpg]
[www.tutorialesprogramacionya.com/angularya/detalleconcepto0b47.html]
[www.tutorialesprogramacionya.com/angularya/imagentema/foto154.jpg]
[www.tutorialesprogramacionya.com/angularya/detalleconceptob84b.html]
[www.tutorialesprogramacionya.com/angularya/imagentema/foto155.jpg]
[www.tutorialesprogramacionya.com/angularya/detalleconcepto6fb0.html]
